// Jest Snapshot v1, https://goo.gl/fbAQLP

exports[`public barrel exports matches the reviewed runtime export allowlist 1`] = `
[
  "DbProvider",
  "belongsTo",
  "bootDb",
  "collectGarbage",
  "configureDb",
  "createDbSubscriptionEffects",
  "createDbSubscriptionRuntime",
  "createIdArrayPatcher",
  "createKeyedArrayPatcher",
  "createNestedObjectPatcher",
  "createSingletonStatics",
  "createThrottledSingleFlight",
  "defineCommand",
  "defineDbSubscriptionEntry",
  "defineFetch",
  "defineModel",
  "defineShape",
  "f",
  "flushPersistence",
  "generateTempId",
  "getDbTransport",
  "hasMany",
  "hasOne",
  "isIncomingNewer",
  "isTempId",
  "mergeOptimisticMedia",
  "mergeOptimisticSnapshot",
  "mmkvStoragePlane",
  "patchWhenRowExists",
  "pickDefined",
  "pickPresent",
  "projectShape",
  "readShape",
  "readShapeOrThrow",
  "reconcileOptimisticRows",
  "references",
  "registerReset",
  "resetRuntime",
  "scope",
  "setDbTransport",
  "stringifyNullish",
  "suspendDb",
  "waitForRow",
]
`;
