// Jest Snapshot v1, https://goo.gl/fbAQLP

exports[`package exports surface matches the checked-in export name snapshot 1`] = `
[
  "EMPTY_IDS",
  "QueryClient",
  "QueryClientProvider",
  "belongsTo",
  "bootDb",
  "castNode",
  "castNodes",
  "collectGarbage",
  "computeLoadingState",
  "computePhase",
  "configureDb",
  "createDbSubscriptionEffects",
  "createDbSubscriptionRuntime",
  "createIdArrayPatcher",
  "createKeyedArrayPatcher",
  "createModelStatusPoller",
  "createNestedObjectPatcher",
  "createThrottledSingleFlight",
  "createUniqueIds",
  "defineCommand",
  "defineDbSubscriptionEntry",
  "defineFetch",
  "defineIngest",
  "defineModel",
  "defineMutation",
  "defineQuery",
  "defineShape",
  "f",
  "flushPersistence",
  "focusManager",
  "generateTempId",
  "getDbQueryClient",
  "getDbTransport",
  "hasMany",
  "hasOne",
  "isIncomingNewer",
  "isTempId",
  "mergeOptimisticMedia",
  "mergeOptimisticSnapshot",
  "mmkvStoragePlane",
  "patchWhenRowExists",
  "pickDefined",
  "pickEqual",
  "pickPresent",
  "projectShape",
  "purgeForeignStorageKeys",
  "readShape",
  "readShapeOrThrow",
  "reconcileOptimisticRows",
  "references",
  "registerReset",
  "replayJournal",
  "resetRuntime",
  "resolveStaleTempRows",
  "scope",
  "setDbTransport",
  "singletonStatics",
  "suspendDb",
  "toStr",
  "trimRowsPerScope",
  "useQuery",
  "useQueryClient",
  "useStableEntity",
  "useStableProjection",
  "useStableSorted",
  "waitForRow",
]
`;
