// Jest Snapshot v1, https://goo.gl/fbAQLP

exports[`package exports surface matches the checked-in export name snapshot 1`] = `
[
  "EMPTY_IDS",
  "belongsTo",
  "castNode",
  "castNodes",
  "compositeId",
  "computeLoadingState",
  "configureDb",
  "createDbSubscriptionEffects",
  "createDbSubscriptionRuntime",
  "createKeyedArrayPatcher",
  "createKeyedBatchBuffer",
  "createModelStatusPoller",
  "createNestedObjectPatcher",
  "createThrottledSingleFlight",
  "createUniqueIds",
  "defineDbSubscriptionEntry",
  "defineIngest",
  "defineModel",
  "defineMutation",
  "defineQuery",
  "defineShape",
  "f",
  "generateTempId",
  "getDbTransport",
  "hasMany",
  "hasOne",
  "isTempId",
  "mergeOptimisticMedia",
  "mergeOptimisticSnapshot",
  "mmkvStoragePlane",
  "patchWhenPresent",
  "pickDefined",
  "pickEqual",
  "pickPresent",
  "projectShape",
  "pruneExpiredRows",
  "pruneOrphanedRows",
  "readFieldsPatch",
  "readShape",
  "readShapeOrThrow",
  "reconcileOptimisticRows",
  "registerReset",
  "resetRuntime",
  "resolveStaleTempRows",
  "scope",
  "setDbTransport",
  "singletonStatics",
  "toStr",
  "trimRowsPerScope",
  "useJoinedEntities",
  "useOrderedEntities",
  "useStableEntity",
  "useStableProjection",
  "useStableSorted",
  "waitForRow",
]
`;
