// Jest Snapshot v1, https://goo.gl/fbAQLP

exports[`package exports surface matches the checked-in export name snapshot 1`] = `
[
  "EMPTY_IDS",
  "belongsTo",
  "buildStableItems",
  "castNode",
  "castNodes",
  "clearAllCollections",
  "clearDbStorage",
  "compositeId",
  "computeLoadingState",
  "computePhase",
  "configureDb",
  "createCollectionBinding",
  "createDbSubscriptionRuntime",
  "createExtractSink",
  "createIdArrayPatcher",
  "createKeyedArrayPatcher",
  "createKeyedBatchBuffer",
  "createModelStatusPoller",
  "createMutationExtractResolver",
  "createNestedObjectPatcher",
  "createOptimisticSequence",
  "createThrottledSingleFlight",
  "createTombstoneLedger",
  "createUniqueIds",
  "defineDbSubscriptionEntry",
  "defineModel",
  "defineModelConcern",
  "defineShape",
  "devClearAllDataAndState",
  "f",
  "generateTempId",
  "getDbStorageKeys",
  "hasMany",
  "hasManyThrough",
  "hasOne",
  "invalidateDbRequests",
  "invalidateModel",
  "isTempId",
  "liftExtractNodes",
  "mergeInitialSyncContract",
  "mergeOptimisticMedia",
  "mergeOptimisticSnapshot",
  "mergeSyncContract",
  "mmkvStorageAdapter",
  "mmkvStorageEventApi",
  "modelDetailRequest",
  "patchWhenPresent",
  "pickDefined",
  "pickEqual",
  "pickPresent",
  "projectShape",
  "pruneExpiredRows",
  "pruneOrphanedRows",
  "pruneStaleFetchStates",
  "readFieldsPatch",
  "readId",
  "readNullableNumber",
  "readNullableString",
  "readNumber",
  "readShape",
  "readShapeOrThrow",
  "reconcileOptimisticRows",
  "removeDbStorageKey",
  "replaceInitialSyncContract",
  "replaceSyncContract",
  "resetAllModelsState",
  "resetDbQueryRuntime",
  "resolveStaleTempRows",
  "runDbCommandDirect",
  "runDbInfiniteQueryDirect",
  "runDbMutationDirect",
  "runDbQueryDirect",
  "singletonStatics",
  "stableSerialize",
  "toRequiredStr",
  "toStr",
  "trimRowsPerScope",
  "useCommand",
  "useDbInfiniteRequest",
  "useDbMutation",
  "useDbSingleRequest",
  "useEntitiesById",
  "useJoinedEntities",
  "useOrderedEntities",
  "useStableEntity",
  "useStableItems",
  "useStableSorted",
  "useWindowedLoadMore",
  "waitForRow",
]
`;
